I'm sorry, but errors were detected in your script. Please correct the
errors listed below, and try again.


File "game/replays/quick_start.rpy", line 37: Line is indented, but the preceding grid statement does not expect a block. Please check this line's indentation. You may have forgotten a colon (:).
    align (0.5, 0.6)
    ^

Ren'Py Version: Ren'Py 8.3.4.24120703
Sun Feb  9 20:57:55 2025
